[ wire width 8 \old

, wire width 8 \new

, cell $add \old

  parameter \A_SIGNED 0
  parameter \A_WIDTH 8
  parameter \B_SIGNED 0
  parameter \B_WIDTH 8
  parameter \Y_WIDTH 8
  connect \A \old
  connect \B 1
  connect \Y \new

end

, process \procStmt

  


  sync posedge \clk

    update \old \new

end
 ]